[html.themexriver.com/organio/index-1.html]
[backblue.gif]
[fade.gif]
[index.html]
[html.themexriver.com/organio/assets/img/logo/ficon.png]
[html.themexriver.com/organio/assets/css/bootstrap.min.css]
[html.themexriver.com/organio/assets/css/fontawesome-all.css]
[html.themexriver.com/organio/assets/css/flaticon.css]
[html.themexriver.com/organio/assets/css/animate.css]
[html.themexriver.com/organio/assets/css/video.min.css]
[html.themexriver.com/organio/assets/css/jquery.mCustomScrollbar.min.css]
[html.themexriver.com/organio/assets/css/rs6.css]
[html.themexriver.com/organio/assets/css/slick.css]
[html.themexriver.com/organio/assets/css/slick-theme.css]
[html.themexriver.com/organio/assets/css/style.css]
[html.themexriver.com/organio/assets/img/logo/logo1.png]
[html.themexriver.com/organio/!]
[html.themexriver.com/organio/index.html]
[html.themexriver.com/organio/index-2.html]
[html.themexriver.com/organio/index-3.html]
[html.themexriver.com/organio/index-4.html]
[html.themexriver.com/organio/about.html]
[html.themexriver.com/organio/shop.html]
[html.themexriver.com/organio/shop-single.html]
[html.themexriver.com/organio/cart.html]
[html.themexriver.com/organio/checkout.html]
[html.themexriver.com/organio/service.html]
[html.themexriver.com/organio/service-single.html]
[html.themexriver.com/organio/contact.html]
[html.themexriver.com/organio/404.html]
[html.themexriver.com/organio/team.html]
[html.themexriver.com/organio/team-single.html]
[html.themexriver.com/organio/blog.html]
[html.themexriver.com/organio/blog-single.html]
[html.themexriver.com/organio/project.html]
[html.themexriver.com/organio/project-single.html]
[html.themexriver.com/organio/assets/img/product/pro1.jpg]
[html.themexriver.com/organio/assets/img/product/pro2.jpg]
[html.themexriver.com/organio/assets/img/product/pro3.jpg]
[html.themexriver.com/organio/assets/transparent.png]
[html.themexriver.com/organio/assets/slider-arow1.png]
[html.themexriver.com/organio/assets/slider-layer1.png]
[html.themexriver.com/organio/assets/slider-layer2.png]
[html.themexriver.com/organio/assets/slider-bg1-scaled.jpg]
[html.themexriver.com/organio/assets/slider-layer4.png]
[html.themexriver.com/organio/assets/slider-layer3.png]
[html.themexriver.com/organio/assets/slider-layer7.png]
[html.themexriver.com/organio/assets/slider-layer5.png]
[html.themexriver.com/organio/assets/slider-layer6.png]
[html.themexriver.com/organio/assets/slider-layer8.png]
[html.themexriver.com/organio/assets/h1-slide2-layer1.png]
[html.themexriver.com/organio/assets/h1-slide2-layer2.png]
[html.themexriver.com/organio/assets/h1-slide2-layer3.png]
[html.themexriver.com/organio/assets/h1-slide3-layer1.png]
[html.themexriver.com/organio/assets/h1-slide3-layer2.png]
[html.themexriver.com/organio/assets/h1-slide3-layer4.png]
[html.themexriver.com/organio/assets/h1-slide3-layer3.png]
[html.themexriver.com/organio/assets/img/shop/sb1.png]
[html.themexriver.com/organio/assets/img/shop/sbs1.png]
[html.themexriver.com/organio/assets/img/shop/sb2.png]
[html.themexriver.com/organio/assets/img/shop/sbs2.png]
[html.themexriver.com/organio/assets/img/about/ab1.jpg]
[html.themexriver.com/organio/assets/img/icon/a-icon1.png]
[html.themexriver.com/organio/assets/img/icon/a-icon2.png]
[html.themexriver.com/organio/assets/img/bg/cat-bg.jpg]
[html.themexriver.com/organio/assets/img/shop/cat-1.png]
[html.themexriver.com/organio/assets/img/shop/cat-2.png]
[html.themexriver.com/organio/assets/img/shop/cat-3.png]
[html.themexriver.com/organio/assets/img/shop/cat-4.png]
[html.themexriver.com/organio/assets/img/icon/arrow1.png]
[html.themexriver.com/organio/assets/img/icon/arrow2.png]
[html.themexriver.com/organio/assets/img/bg/fn-bg.png]
[html.themexriver.com/organio/assets/img/product/pro4.jpg]
[html.themexriver.com/organio/assets/img/bg/bd-bg.jpg]
[html.themexriver.com/organio/assets/img/bg/bd.png]
[html.themexriver.com/organio/assets/img/team/tm1.jpg]
[html.themexriver.com/organio/assets/img/icon/t-icon2.png]
[html.themexriver.com/organio/assets/img/icon/t-icon1.png]
[html.themexriver.com/organio/assets/img/team/tm2.jpg]
[html.themexriver.com/organio/assets/img/team/tm3.jpg]
[html.themexriver.com/organio/assets/img/portfolio/port1.jpg]
[html.themexriver.com/organio/assets/img/portfolio/port2.jpg]
[html.themexriver.com/organio/assets/img/portfolio/port3.jpg]
[html.themexriver.com/organio/assets/img/portfolio/port4.jpg]
[html.themexriver.com/organio/assets/img/portfolio/port5.jpg]
[html.themexriver.com/organio/assets/img/portfolio/port6.jpg]
[html.themexriver.com/organio/assets/img/portfolio/port7.jpg]
[html.themexriver.com/organio/assets/img/leaf1.png]
[html.themexriver.com/organio/assets/img/leaf2.png]
[html.themexriver.com/organio/assets/img/blog/blg1.jpg]
[html.themexriver.com/organio/assets/img/blog/blg2.jpg]
[html.themexriver.com/organio/assets/img/blog/blg3.jpg]
[html.themexriver.com/organio/assets/img/bg/bg-footer-top.png]
[html.themexriver.com/organio/assets/img/bg/bg-mailchimp.jpg]
[html.themexriver.com/organio/assets/img/bg/mailchimp-image1.png]
[html.themexriver.com/organio/assets/img/logo/logo2.png]
[html.themexriver.com/organio/assets/img/gallery/gl1.jpg]
[html.themexriver.com/organio/assets/img/gallery/gl2.jpg]
[html.themexriver.com/organio/assets/img/gallery/gl3.jpg]
[html.themexriver.com/organio/assets/img/gallery/gl4.jpg]
[html.themexriver.com/organio/assets/img/gallery/gl5.jpg]
[html.themexriver.com/organio/assets/img/gallery/gl6.jpg]
[html.themexriver.com/organio/assets/img/bg/bg-footer-bottom.png]
[html.themexriver.com/organio/assets/js/jquery.min.js]
[html.themexriver.com/organio/assets/js/bootstrap.min.js]
[html.themexriver.com/organio/assets/js/popper.min.js]
[html.themexriver.com/organio/assets/js/jquery.magnific-popup.min.js]
[html.themexriver.com/organio/assets/js/appear.js]
[html.themexriver.com/organio/assets/js/slick.js]
[html.themexriver.com/organio/assets/js/jquery.counterup.min.js]
[html.themexriver.com/organio/assets/js/waypoints.min.js]
[html.themexriver.com/organio/assets/js/jquery.mCustomScrollbar.concat.min.js]
[html.themexriver.com/organio/assets/js/wow.min.js]
[html.themexriver.com/organio/assets/js/imagesloaded.pkgd.min.js]
[html.themexriver.com/organio/assets/js/parallax-scroll.js]
[html.themexriver.com/organio/assets/js/rbtools.min.js]
[html.themexriver.com/organio/assets/js/rs6.min.js]
[html.themexriver.com/organio/index-1.html]
[html.themexriver.com/organio/assets/css/bootstrap.min.css]
[html.themexriver.com/organio/assets/js/script.js]
[html.themexriver.com/organio/assets/fonts/fa-brands-400.ttf]
[html.themexriver.com/organio/assets/fonts/fa-duotone-900.ttf]
[html.themexriver.com/organio/assets/fonts/fa-light-300.ttf]
[html.themexriver.com/organio/assets/fonts/fa-regular-400.ttf]
[html.themexriver.com/organio/assets/css/fontawesome-all.css]
[html.themexriver.com/organio/assets/fonts/fa-solid-900.ttf]
[html.themexriver.com/organio/assets/fonts/flaticon.eot]
[html.themexriver.com/organio/assets/fonts/flaticond41d.eot]
[html.themexriver.com/organio/assets/fonts/flaticon.woff2]
[html.themexriver.com/organio/assets/fonts/flaticon.woff]
[html.themexriver.com/organio/assets/fonts/flaticon.ttf]
[html.themexriver.com/organio/assets/css/flaticon.css]
[html.themexriver.com/organio/assets/css/animate.css]
[html.themexriver.com/organio/assets/fonts/flaticon.svg]
[dimsemenov.com/images/sm-logo-24x24.png]
[html.themexriver.com/organio/assets/css/video.min.css]
[html.themexriver.com/organio/assets/img/mCSB_buttons.png]
[html.themexriver.com/organio/assets/css/jquery.mCustomScrollbar.min.css]
[html.themexriver.com/organio/assets/fonts/revicons/revicons90c6.eot]
[html.themexriver.com/organio/assets/fonts/revicons/revicons90c6.woff]
[html.themexriver.com/organio/assets/fonts/revicons/revicons90c6.ttf]
[html.themexriver.com/organio/assets/fonts/revicons/revicons90c6.svg]
[html.themexriver.com/organio/assets/css/openhand.cur]
[html.themexriver.com/organio/assets/css/closedhand.cur]
[html.themexriver.com/organio/assets/assets/gridtile.png]
[html.themexriver.com/organio/assets/assets/gridtile_white.png]
[html.themexriver.com/organio/assets/assets/gridtile_3x3.png]
[html.themexriver.com/organio/assets/assets/gridtile_3x3_white.png]
[html.themexriver.com/organio/assets/assets/coloredbg.png]
[html.themexriver.com/organio/assets/assets/loader.gif]
[html.themexriver.com/organio/assets/css/rs6.css]
[html.themexriver.com/organio/assets/css/slick.css]
[html.themexriver.com/organio/assets/css/slick-theme.css]
[html.themexriver.com/organio/assets/img/preloader.gif]
[html.themexriver.com/organio/assets/img/title-shape.png]
[html.themexriver.com/organio/assets/img/bg/waves-shape.png]
[html.themexriver.com/organio/assets/img/icon/slider-arrow1.png]
[html.themexriver.com/organio/assets/img/line.png]
[html.themexriver.com/organio/assets/img/bg-fancybox1.png]
[html.themexriver.com/organio/assets/css/style.css]
[html.themexriver.com/organio/!.html]
[html.themexriver.com/organio/assets/css/demo.css]
[html.themexriver.com/organio/assets/landing-bg-slider1.jpg]
[html.themexriver.com/organio/assets/landing-layer1.jpg]
[html.themexriver.com/organio/assets/landing-layer2.png]
[html.themexriver.com/organio/assets/landing-macbook.jpg]
[html.themexriver.com/organio/assets/landing-layer5.png]
[html.themexriver.com/organio/assets/landing-layer4.png]
[html.themexriver.com/organio/assets/landing-layer3.png]
[html.themexriver.com/organio/assets/landing-layer6.png]
[html.themexriver.com/organio/assets/img/demo/landing-section-demos.jpg]
[html.themexriver.com/organio/assets/img/demo/demo1.jpg]
[html.themexriver.com/organio/assets/img/demo/demo3.jpg]
[html.themexriver.com/organio/assets/img/demo/demo5.jpg]
[html.themexriver.com/organio/assets/img/demo/demo4.jpg]
[html.themexriver.com/organio/assets/img/demo/ab.jpg]
[html.themexriver.com/organio/assets/img/demo/blg.jpg]
[html.themexriver.com/organio/assets/img/demo/blg-d.jpg]
[html.themexriver.com/organio/assets/img/demo/shp.jpg]
[html.themexriver.com/organio/assets/img/demo/sh-d.jpg]
[html.themexriver.com/organio/assets/img/demo/cn.jpg]
[html.themexriver.com/organio/assets/img/demo/ser.jpg]
[html.themexriver.com/organio/assets/img/demo/ser-d.jpg]
[html.themexriver.com/organio/assets/img/demo/pr.jpg]
[html.themexriver.com/organio/assets/img/demo/pr-d.jpg]
[html.themexriver.com/organio/assets/img/demo/tm.jpg]
[html.themexriver.com/organio/assets/img/demo/tm-d.jpg]
[html.themexriver.com/organio/assets/img/demo/ht.png]
[html.themexriver.com/organio/assets/img/demo/js.png]
[html.themexriver.com/organio/assets/img/demo/scs.png]
[html.themexriver.com/organio/assets/img/demo/fb.png]
[html.themexriver.com/organio/assets/img/demo/cc.png]
[html.themexriver.com/organio/assets/img/demo/cb.png]
[html.themexriver.com/organio/assets/img/demo/gf.png]
[html.themexriver.com/organio/assets/img/demo/fi.png]
[html.themexriver.com/organio/assets/img/demo/ff.png]
[html.themexriver.com/organio/assets/img/demo/w3.png]
[html.themexriver.com/organio/assets/img/demo/wd.png]
[html.themexriver.com/organio/assets/img/demo/mp.png]
[html.themexriver.com/organio/assets/img/demo/plz.png]
[html.themexriver.com/organio/assets/img/demo/php.png]
[html.themexriver.com/organio/assets/img/demo/cdn.png]
[html.themexriver.com/organio/assets/img/demo/sd.png]
[html.themexriver.com/organio/index.html]
[html.themexriver.com/organio/assets/img/logo/logo3.png]
[html.themexriver.com/organio/login.html]
[html.themexriver.com/organio/register.html]
[html.themexriver.com/organio/assets/h2-bg-slider1.jpg]
[html.themexriver.com/organio/assets/img/product/pro2.1.jpg]
[html.themexriver.com/organio/assets/img/product/pro2.2.jpg]
[html.themexriver.com/organio/assets/img/product/pro2.3.jpg]
[html.themexriver.com/organio/assets/img/add.jpg]
[html.themexriver.com/organio/assets/img/category/cat1.jpg]
[html.themexriver.com/organio/assets/img/category/cat2.jpg]
[html.themexriver.com/organio/assets/img/category/cat3.jpg]
[html.themexriver.com/organio/assets/img/category/cat4.jpg]
[html.themexriver.com/organio/assets/img/bg/deal-bg.jpg]
[html.themexriver.com/organio/assets/img/bg/tst-bg.png]
[html.themexriver.com/organio/assets/img/testimonial/tst1.jpg]
[html.themexriver.com/organio/assets/img/testimonial/tst2.jpg]
[html.themexriver.com/organio/assets/img/testimonial/tst3.jpg]
[html.themexriver.com/organio/assets/img/bg/cta-bg.jpg]
[html.themexriver.com/organio/assets/img/bg/bg-footer-top-f3.png]
[html.themexriver.com/organio/assets/img/bg/bg-footer-bottom-f3.png]
[html.themexriver.com/organio/assets/img/bg/f3-payment.png]
[html.themexriver.com/organio/index-2.html]
[html.themexriver.com/organio/assets/img/bg/banner-bg1.jpg]
[html.themexriver.com/organio/assets/img/bg/banner-side1.png]
[html.themexriver.com/organio/assets/img/deco1.png]
[html.themexriver.com/organio/assets/img/deco2.png]
[html.themexriver.com/organio/assets/img/deco3.png]
[html.themexriver.com/organio/assets/img/icon/ft-icon1.png]
[html.themexriver.com/organio/assets/img/icon/ft-icon2.png]
[html.themexriver.com/organio/assets/img/icon/ft-icon3.png]
[html.themexriver.com/organio/assets/img/category/h5-icon1.png]
[html.themexriver.com/organio/assets/img/category/h5-icon2.png]
[html.themexriver.com/organio/assets/img/category/h5-icon3.png]
[html.themexriver.com/organio/assets/img/category/h5-icon4.png]
[html.themexriver.com/organio/assets/img/category/h5-icon5.png]
[html.themexriver.com/organio/assets/img/category/h5-icon6.png]
[html.themexriver.com/organio/assets/img/product/tp2.png]
[html.themexriver.com/organio/assets/img/product/tp1.png]
[html.themexriver.com/organio/assets/img/product/tp3.png]
[html.themexriver.com/organio/assets/img/product/tp4.png]
[html.themexriver.com/organio/assets/img/product/tp5.png]
[html.themexriver.com/organio/assets/img/product/tp6.png]
[html.themexriver.com/organio/assets/img/product/tp7.png]
[html.themexriver.com/organio/assets/img/product/tp8.png]
[html.themexriver.com/organio/assets/img/bg/deal-bg2.jpg]
[html.themexriver.com/organio/assets/img/team/tm2.1.jpg]
[html.themexriver.com/organio/assets/img/team/tm2.2.jpg]
[html.themexriver.com/organio/assets/img/team/tm2.3.jpg]
[html.themexriver.com/organio/assets/img/team/tm2.4.jpg]
[html.themexriver.com/organio/assets/img/bg/h5-bg-testimonial1.png]
[html.themexriver.com/organio/assets/img/h5-testimonial-banner.png]
[html.themexriver.com/organio/assets/img/blog/blg2.1.jpg]
[html.themexriver.com/organio/assets/img/blog/blg2.2.jpg]
[html.themexriver.com/organio/assets/img/blog/blg2.3.jpg]
[html.themexriver.com/organio/assets/img/bg/h5-bg-footer.jpg]
[html.themexriver.com/organio/index-3.html]
[html.themexriver.com/organio/assets/h4-bg-slider1.jpg]
[html.themexriver.com/organio/assets/slider4-layer2.png]
[html.themexriver.com/organio/assets/slider4-layer1.png]
[html.themexriver.com/organio/assets/slider4-layer3.png]
[html.themexriver.com/organio/assets/img/hw-line.png]
[html.themexriver.com/organio/assets/img/about/hw1.png]
[html.themexriver.com/organio/assets/img/shop/sb3.png]
[html.themexriver.com/organio/assets/img/shop/sbs3.png]
[html.themexriver.com/organio/assets/img/shop/sb4.png]
[html.themexriver.com/organio/assets/img/product/pro3.1.png]
[html.themexriver.com/organio/assets/img/product/pro3.2.png]
[html.themexriver.com/organio/assets/img/product/pro3.3.png]
[html.themexriver.com/organio/assets/img/product/pro3.4.png]
[html.themexriver.com/organio/assets/img/bg/v-bg.jpg]
[html.themexriver.com/organio/assets/img/bg/v-shape.png]
[html.themexriver.com/organio/assets/img/leaf.png]
[html.themexriver.com/organio/assets/img/testimonial/tst4.1.jpg]
[html.themexriver.com/organio/assets/img/testimonial/tst4.2.jpg]
[html.themexriver.com/organio/assets/img/testimonial/tst4.3.jpg]
[html.themexriver.com/organio/assets/img/blog/blg4.1.jpg]
[html.themexriver.com/organio/assets/img/blog/blg4.2.jpg]
[html.themexriver.com/organio/assets/img/bg/f-bg4.jpg]
[html.themexriver.com/organio/index-4.html]
[html.themexriver.com/organio/assets/img/bg/bg-page-title.jpg]
[html.themexriver.com/organio/about.html]
[html.themexriver.com/organio/assets/img/product/pro5.jpg]
[html.themexriver.com/organio/assets/img/product/pro6.jpg]
[html.themexriver.com/organio/assets/img/product/pro7.png]
[html.themexriver.com/organio/assets/img/product/pro8.jpg]
[html.themexriver.com/organio/shop.html]
[html.themexriver.com/organio/assets/css/zoomit.css]
[html.themexriver.com/organio/assets/img/product/h6-product3.png]
[html.themexriver.com/organio/assets/img/product/h6-product4.png]
[html.themexriver.com/organio/assets/img/product/h6-product1.png]
[html.themexriver.com/organio/assets/img/blog/blg-c1.jpg]
[html.themexriver.com/organio/assets/img/blog/blg-c2.jpg]
[html.themexriver.com/organio/assets/js/jquery.zoomit.min.js]
[html.themexriver.com/organio/shop-single.html]
[html.themexriver.com/organio/cart.html]
[html.themexriver.com/organio/checkout.html]
[html.themexriver.com/organio/assets/js/jquery.inputarrow.js]
[html.themexriver.com/organio/assets/img/about/ser1.jpg]
[html.themexriver.com/organio/assets/img/about/ser3.jpg]
[html.themexriver.com/organio/assets/img/about/ser2.jpg]
[html.themexriver.com/organio/assets/img/bg/bg-section2.png]
[html.themexriver.com/organio/service.html]
[html.themexriver.com/organio/assets/img/add2.jpg]
[html.themexriver.com/organio/assets/img/bg/srd1.jpg]
[html.themexriver.com/organio/assets/img/about/single-service1.jpg]
[html.themexriver.com/organio/service-single.html]
[html.themexriver.com/organio/contact.html]
[html.themexriver.com/organio/assets/img/404.png]
[html.themexriver.com/organio/404.html]
[html.themexriver.com/organio/assets/img/team/tm4.jpg]
[html.themexriver.com/organio/assets/img/team/tm5.jpg]
[html.themexriver.com/organio/assets/img/team/tm7.jpg]
[html.themexriver.com/organio/team.html]
[html.themexriver.com/organio/assets/img/team/tmd.jpg]
[html.themexriver.com/organio/team-single.html]
[html.themexriver.com/organio/assets/img/blog/blg4.jpg]
[html.themexriver.com/organio/assets/img/blog/blg5.jpg]
[html.themexriver.com/organio/assets/img/blog/blg6.jpg]
[html.themexriver.com/organio/blog.html]
[html.themexriver.com/organio/assets/img/blog/bd-d1.jpg]
[html.themexriver.com/organio/assets/img/blog/bd-d2.jpg]
[html.themexriver.com/organio/assets/img/blog/bd-d3.jpg]
[html.themexriver.com/organio/assets/img/blog/nbp1.jpg]
[html.themexriver.com/organio/assets/img/blog/nbp2.jpg]
[html.themexriver.com/organio/assets/img/blog/rc1.jpg]
[html.themexriver.com/organio/assets/img/blog/rc2.jpg]
[html.themexriver.com/organio/blog-single.html]
[html.themexriver.com/organio/assets/img/portfolio/port8.jpg]
[html.themexriver.com/organio/project.html]
[html.themexriver.com/organio/assets/img/portfolio/prd1.jpg]
[html.themexriver.com/organio/assets/img/portfolio/pa.jpg]
[html.themexriver.com/organio/project-single.html]
[html.themexriver.com/organio/assets/fonts/flaticon.html]
[html.themexriver.com/organio/assets/fonts/flaticond41d.html]
[html.themexriver.com/organio/assets/fonts/flaticon.svg]
[html.themexriver.com/organio/assets/img/mCSB_buttons.html]
[html.themexriver.com/organio/assets/fonts/revicons/revicons90c6.html]
[html.themexriver.com/organio/assets/fonts/revicons/revicons90c6.svg]
[html.themexriver.com/organio/assets/css/openhand.html]
[html.themexriver.com/organio/assets/css/closedhand.html]
[html.themexriver.com/organio/assets/assets/gridtile.html]
[html.themexriver.com/organio/assets/assets/gridtile_white.html]
[html.themexriver.com/organio/assets/assets/gridtile_3x3.html]
[html.themexriver.com/organio/assets/assets/gridtile_3x3_white.html]
[html.themexriver.com/organio/assets/assets/coloredbg.html]
[html.themexriver.com/organio/assets/assets/loader.html]
[html.themexriver.com/organio/assets/css/demo.css]
[html.themexriver.com/organio/login.html]
[html.themexriver.com/organio/register.html]
[html.themexriver.com/organio/assets/css/zoomit.css]
